[wpriverthemes.com/gridx/index.html]
[backblue.gif]
[fade.gif]
[index.html]
[wpriverthemes.com/gridx/wp-includes/css/dist/block-library/style.minaec2.css]
[wpriverthemes.com/gridx/feed/index.html]
[wpriverthemes.com/gridx/wp-content/plugins/contact-form-7/includes/css/styles080f.css]
[wpriverthemes.com/gridx/wp-content/plugins/redux-framework/redux-core/assets/css/extendify-utilitiescb95.css]
[wpriverthemes.com/gridx/wp-content/themes/gridx/assets/css/iconoiraec2.css]
[wpriverthemes.com/gridx/comments/feed/index.html]
[wpriverthemes.com/gridx/wp-content/themes/gridx/assets/css/bootstrap.minaec2.css]
[wpriverthemes.com/gridx/wp-content/themes/gridx/assets/css/aosaec2.css]
[wpriverthemes.com/gridx/wp-content/themes/gridx/assets/css/styleaec2.css]
[wpriverthemes.com/gridx/wp-content/themes/gridx/assets/css/gridx-unit-testaec2.css]
[wpriverthemes.com/gridx/wp-content/plugins/elementor/assets/lib/eicons/css/elementor-icons.min192d.css]
[wpriverthemes.com/gridx/wp-content/plugins/elementor/assets/css/frontend-lite.min8864.css]
[wpriverthemes.com/gridx/wp-content/plugins/elementor/assets/lib/swiper/v8/css/swiper.min94a4.css]
[wpriverthemes.com/gridx/wp-content/uploads/elementor/css/post-167a7c.css]
[wpriverthemes.com/gridx/wp-content/uploads/elementor/css/global7a7c.css]
[wpriverthemes.com/gridx/wp-content/uploads/elementor/css/post-139db2.css]
[wpriverthemes.com/gridx/wp-includes/js/jquery/jquery.minf43b.js]
[wpriverthemes.com/gridx/wp-includes/js/jquery/jquery-migrate.min5589.js]
[wpriverthemes.com/gridx/wp-json/wp/v2/pages/13.json]
[wpriverthemes.com/gridx/wp-json/index.html]
[wpriverthemes.com/gridx/xmlrpc0db0.php]
[wpriverthemes.com/gridx/wp-json/oembed/1.0/embed00f2.json]
[wpriverthemes.com/gridx/wp-json/oembed/1.0/embed8394]
[wpriverthemes.com/gridx/wp-content/themes/gridx/assets/images/logo.svg]
[wpriverthemes.com/gridx/about-page/index.html]
[wpriverthemes.com/gridx/wp-content/themes/gridx/assets/images/bg1.png]
[wpriverthemes.com/gridx/wp-content/uploads/2023/04/me.png]
[wpriverthemes.com/gridx/work/index.html]
[wpriverthemes.com/gridx/wp-content/themes/gridx/assets/images/icon.svg]
[wpriverthemes.com/gridx/wp-content/uploads/2023/04/star1.svg]
[wpriverthemes.com/gridx/wp-content/uploads/2023/04/sign.png]
[wpriverthemes.com/gridx/wp-content/uploads/2023/04/my-works.png]
[wpriverthemes.com/gridx/wp-content/uploads/2023/04/gfonts.png]
[wpriverthemes.com/gridx/contact-info/index.html]
[wpriverthemes.com/gridx/wp-content/themes/gridx/assets/images/icon2.png]
[wpriverthemes.com/gridx/wp-content/plugins/contact-form-7/includes/swv/js/index080f.js]
[wpriverthemes.com/gridx/wp-content/plugins/contact-form-7/includes/js/index080f.js]
[wpriverthemes.com/gridx/wp-content/themes/gridx/assets/js/bootstrap.bundle.minaec2.js]
[wpriverthemes.com/gridx/wp-content/themes/gridx/assets/js/aosaec2.js]
[wpriverthemes.com/gridx/credential/index.html]
[wpriverthemes.com/gridx/wp-content/themes/gridx/assets/js/mainaec2.js]
[wpriverthemes.com/gridx/wp-content/themes/gridx/assets/js/ajax-formaec2.js]
[wpriverthemes.com/gridx/consulted-admitting-is-power-acuteness/index.html]
[wpriverthemes.com/gridx/wp-content/plugins/elementor/assets/js/webpack.runtime.min8864.js]
[wpriverthemes.com/gridx/service-offerings/index.html]
[wpriverthemes.com/gridx/wp-content/plugins/elementor/assets/js/frontend-modules.min8864.js]
[wpriverthemes.com/gridx/wp-content/plugins/elementor/assets/lib/waypoints/waypoints.min05da.js]
[wpriverthemes.com/gridx/wp-includes/js/jquery/ui/core.min3f14.js]
[wpriverthemes.com/gridx/wp-content/plugins/elementor/assets/js/frontend.min8864.js]
[wpriverthemes.com/gridx/index.html]
[wpriverthemes.com/gridx/wp-includes/css/dist/block-library/style.minaec2.css]
[wpriverthemes.com/gridx/wp-content/plugins/contact-form-7/includes/css/styles080f.css]
[wpriverthemes.com/gridx/wp-content/plugins/redux-framework/redux-core/assets/css/extendify-utilitiescb95.css]
[wpriverthemes.com/gridx/wp-content/themes/gridx/assets/css/iconoiraec2.css]
[wpriverthemes.com/gridx/wp-content/themes/gridx/assets/css/bootstrap.minaec2.css]
[wpriverthemes.com/gridx/wp-content/themes/gridx/assets/css/aosaec2.css]
[wpriverthemes.com/gridx/wp-content/themes/gridx/assets/css/styleaec2.css]
[wpriverthemes.com/gridx/wp-content/themes/gridx/assets/css/gridx-unit-testaec2.css]
[wpriverthemes.com/gridx/wp-content/plugins/elementor/assets/lib/eicons/fonts/eicons9506.eot]
[wpriverthemes.com/gridx/wp-content/plugins/elementor/assets/lib/eicons/fonts/eicons9506.woff2]
[wpriverthemes.com/gridx/wp-content/plugins/elementor/assets/lib/eicons/fonts/eicons9506.woff]
[wpriverthemes.com/gridx/wp-content/plugins/elementor/assets/lib/eicons/fonts/eicons9506.ttf]
[wpriverthemes.com/gridx/wp-content/plugins/elementor/assets/lib/eicons/css/elementor-icons.min192d.css]
[wpriverthemes.com/gridx/wp-content/plugins/elementor/assets/css/frontend-lite.min8864.css]
[wpriverthemes.com/gridx/wp-content/plugins/elementor/assets/lib/swiper/v8/css/swiper.min94a4.css]
[wpriverthemes.com/gridx/wp-content/uploads/elementor/css/post-167a7c.css]
[wpriverthemes.com/gridx/wp-content/uploads/elementor/css/global7a7c.css]
[wpriverthemes.com/gridx/wp-content/uploads/elementor/css/post-139db2.css]
[wpriverthemes.com/gridx/wp-includes/js/jquery/jquery.minf43b.js]
[wpriverthemes.com/gridx/wp-includes/js/jquery/jquery-migrate.min5589.js]
[wpriverthemes.com/gridx/wp-content/themes/gridx/assets/images/logo.svg]
[wpriverthemes.com/gridx/wp-content/plugins/elementor/assets/lib/eicons/fonts/eicons9506.svg]
[wpriverthemes.com/gridx/wp-content/uploads/elementor/css/post-926ea47.css]
[wpriverthemes.com/gridx/wp-json/wp/v2/pages/926.json]
[wpriverthemes.com/gridx/wp-json/oembed/1.0/embed9284.json]
[wpriverthemes.com/gridx/wp-json/oembed/1.0/embed2968]
[wpriverthemes.com/gridx/wp-content/uploads/2023/04/me2.png]
[wpriverthemes.com/gridx/wp-content/themes/gridx/assets/images/star-2.png]
[wpriverthemes.com/gridx/about-page/index.html]
[wpriverthemes.com/gridx/wp-content/uploads/elementor/css/post-1084d3ce.css]
[wpriverthemes.com/gridx/wp-json/wp/v2/pages/1084.json]
[wpriverthemes.com/gridx/wp-json/oembed/1.0/embedcf38.json]
[wpriverthemes.com/gridx/wp-json/oembed/1.0/embed71bd]
[wpriverthemes.com/gridx/wp-content/uploads/2023/04/project1.jpg]
[wpriverthemes.com/gridx/wp-content/uploads/2023/04/project2.jpg]
[wpriverthemes.com/gridx/workdetail-page/index.html]
[wpriverthemes.com/gridx/wp-content/uploads/2023/04/project3.jpg]
[wpriverthemes.com/gridx/wp-content/uploads/2023/04/project5.jpg]
[wpriverthemes.com/gridx/wp-content/uploads/2023/04/project4.jpg]
[wpriverthemes.com/gridx/wp-content/uploads/2023/04/project6.jpg]
[wpriverthemes.com/gridx/work/index.html]
[wpriverthemes.com/gridx/wp-json/wp/v2/pages/1560.json]
[wpriverthemes.com/gridx/wp-json/oembed/1.0/embed7262.json]
[wpriverthemes.com/gridx/wp-json/oembed/1.0/embed998f]
[wpriverthemes.com/gridx/contact-info/index.html]
[wpriverthemes.com/gridx/wp-content/themes/gridx/assets/images/icon.svg]
[wpriverthemes.com/gridx/wp-content/uploads/2023/04/star1.svg]
[wpriverthemes.com/gridx/wp-json/wp/v2/pages/1065.json]
[wpriverthemes.com/gridx/wp-json/oembed/1.0/embed3175.json]
[wpriverthemes.com/gridx/wp-json/oembed/1.0/embed30bc]
[wpriverthemes.com/gridx/wp-content/themes/gridx/assets/images/me.png]
[wpriverthemes.com/gridx/credential/index.html]
[wpriverthemes.com/gridx/wp-json/wp/v2/posts/3197.json]
[wpriverthemes.com/gridx/consulted-admitting-is-power-acuteness/feed/index.html]
[wpriverthemes.com/gridx/wp-json/oembed/1.0/embed67c7.json]
[wpriverthemes.com/gridx/wp-json/oembed/1.0/embed9d24]
[wpriverthemes.com/gridx/wp-content/uploads/2023/06/blog1.jpg]
[wpriverthemes.com/gridx/consulted-admitting-is-power-acuteness/index.html]
[wpriverthemes.com/gridx/wp-includes/js/comment-reply.minaec2.js]
[wpriverthemes.com/gridx/category/uncategorized/index.html]
[wpriverthemes.com/gridx/wp-content/uploads/elementor/css/post-11199646.css]
[wpriverthemes.com/gridx/wp-json/wp/v2/pages/1119.json]
[wpriverthemes.com/gridx/tag/developement/index.html]
[wpriverthemes.com/gridx/tag/sass/index.html]
[wpriverthemes.com/gridx/discovery-incommode-earnestly-he-commanded/index.html]
[wpriverthemes.com/gridx/unsatiable-entreaties-may-collecting-power/index.html]
[wpriverthemes.com/gridx/wp-json/oembed/1.0/embed2bf9.json]
[wpriverthemes.com/gridx/2023/06/index.html]
[wpriverthemes.com/gridx/wp-json/oembed/1.0/embedbf60]
[wpriverthemes.com/gridx/service-offerings/index.html]
[wpriverthemes.com/gridx/t]
[wpriverthemes.com/gridx/wp-content/plugins/contact-form-7/includes/swv/js/index080f.js]
[wpriverthemes.com/gridx/wp-content/plugins/contact-form-7/includes/js/index080f.js]
[wpriverthemes.com/gridx/wp-content/themes/gridx/assets/js/bootstrap.bundle.minaec2.js]
[wpriverthemes.com/gridx/wp-content/themes/gridx/assets/js/aosaec2.js]
[wpriverthemes.com/gridx/wp-content/themes/gridx/assets/js/mainaec2.js]
[wpriverthemes.com/gridx/wp-content/themes/gridx/assets/js/ajax-formaec2.html]
[wpriverthemes.com/gridx/wp-content/plugins/elementor/assets/js/webpack.runtime.min8864.js]
[wpriverthemes.com/gridx/wp-content/plugins/elementor/assets/js/frontend-modules.min8864.js]
[wpriverthemes.com/gridx/wp-content/plugins/elementor/assets/lib/waypoints/waypoints.min05da.js]
[wpriverthemes.com/gridx/wp-includes/js/jquery/ui/core.min3f14.js]
[wpriverthemes.com/gridx/-negative.svg]
[wpriverthemes.com/gridx/wp-content/plugins/elementor/assets/js/frontend.min8864.js]
[wpriverthemes.com/gridx/wp-content/plugins/elementor/assets/lib/eicons/fonts/eicons9506.svg]
[wpriverthemes.com/gridx/wp-content/uploads/elementor/css/post-926ea47.css]
[wpriverthemes.com/gridx/index2b15.html]
[wpriverthemes.com/gridx/wp-content/uploads/elementor/css/post-1084d3ce.css]
[wpriverthemes.com/gridx/index8e49.html]
[wpriverthemes.com/gridx/dist/index.html]
[wpriverthemes.com/gridx/OPR/index.html]
[wpriverthemes.com/gridx/wp-content/uploads/elementor/css/post-1400f18a.css]
[wpriverthemes.com/gridx/wp-json/wp/v2/pages/1400.json]
[wpriverthemes.com/gridx/wp-json/oembed/1.0/embede770.json]
[wpriverthemes.com/gridx/wp-json/oembed/1.0/embedf791]
[wpriverthemes.com/gridx/wp-content/uploads/2023/04/project-dt-1.jpg]
[wpriverthemes.com/gridx/wp-content/uploads/2023/04/project3-1.jpg]
[wpriverthemes.com/gridx/workdetail-page/index.html]
[wpriverthemes.com/gridx/wp-content/uploads/elementor/css/post-1560df70.css]
[wpriverthemes.com/gridx/index9fdd.html]
[wpriverthemes.com/gridx/wp-content/uploads/elementor/css/post-1065896c.css]
[wpriverthemes.com/gridx/index6421.html]
[wpriverthemes.com/gridx/index78e5.html]
[wpriverthemes.com/gridx/wp-json/wp/v2/categories/1.json]
[wpriverthemes.com/gridx/category/uncategorized/feed/index.html]
[wpriverthemes.com/gridx/wp-content/uploads/2023/06/blog3.jpg]
[wpriverthemes.com/gridx/wp-content/uploads/2023/06/blog2.jpg]
[wpriverthemes.com/gridx/category/uncategorized/index.html]
[wpriverthemes.com/gridx/wp-json/wp/v2/tags/6.json]
[wpriverthemes.com/gridx/tag/developement/index.html]
[wpriverthemes.com/gridx/tag/developement/feed/index.html]
[wpriverthemes.com/gridx/wp-json/wp/v2/tags/5.json]
[wpriverthemes.com/gridx/tag/sass/index.html]
[wpriverthemes.com/gridx/tag/sass/feed/index.html]
[wpriverthemes.com/gridx/wp-json/wp/v2/posts/3207.json]
[wpriverthemes.com/gridx/discovery-incommode-earnestly-he-commanded/feed/index.html]
[wpriverthemes.com/gridx/wp-json/oembed/1.0/embed4e9e.json]
[wpriverthemes.com/gridx/discovery-incommode-earnestly-he-commanded/index.html]
[wpriverthemes.com/gridx/wp-json/oembed/1.0/embed84bf]
[wpriverthemes.com/gridx/wp-json/wp/v2/posts/3204.json]
[wpriverthemes.com/gridx/unsatiable-entreaties-may-collecting-power/feed/index.html]
[wpriverthemes.com/gridx/wp-json/oembed/1.0/embed031e.json]
[wpriverthemes.com/gridx/unsatiable-entreaties-may-collecting-power/index.html]
[wpriverthemes.com/gridx/2023/06/index.html]
[wpriverthemes.com/gridx/wp-includes/js/comment-reply.minaec2.js]
[wpriverthemes.com/gridx/wp-content/uploads/elementor/css/post-11199646.css]
[wpriverthemes.com/gridx/indexb51f.html]
[wpriverthemes.com/gridx/t.html]
[wpriverthemes.com/gridx/dist/index.html]
[wpriverthemes.com/gridx/-negative.html]
[wpriverthemes.com/gridx/OPR/index.html]
[wpriverthemes.com/gridx/wp-content/uploads/elementor/css/post-1400f18a.css]
[wpriverthemes.com/gridx/indexa7ea.html]
[wpriverthemes.com/gridx/indexb140.html]
[wpriverthemes.com/gridx/index8a03.html]
[wpriverthemes.com/gridx/wp-json/oembed/1.0/embededfe]
